AR mux_32_x_32 behavioral /home/nicolasrmendoncat/nicolasrmendoncat/ISLD/Processador/mux_32_x_32.vhd sub00/vhpl28 1725305116
AR programcounter behavioral /home/nicolasrmendoncat/nicolasrmendoncat/ISLD/Processador/ProgramCounter.vhd sub00/vhpl32 1725305120
EN uc_ula NULL /home/nicolasrmendoncat/nicolasrmendoncat/ISLD/Processador/UC_ULA.vhd sub00/vhpl43 1725305131
AR bancoreg behavioral /home/nicolasrmendoncat/nicolasrmendoncat/ISLD/Processador/BancoReg.vhd sub00/vhpl38 1725305126
AR dec behavioral /home/nicolasrmendoncat/nicolasrmendoncat/ISLD/Processador/DEC.vhd sub00/vhpl24 1725305112
EN dec NULL /home/nicolasrmendoncat/nicolasrmendoncat/ISLD/Processador/DEC.vhd sub00/vhpl23 1725305111
EN flipflopd_descida NULL /home/nicolasrmendoncat/nicolasrmendoncat/ISLD/Processador/flipflopD_descida.vhd sub00/vhpl08 1725305096
EN mux2 NULL /home/nicolasrmendoncat/nicolasrmendoncat/ISLD/Processador/mux2.vhd sub00/vhpl21 1725305109
AR ula_completa behavioral /home/nicolasrmendoncat/nicolasrmendoncat/ISLD/Processador/Ula_completa.vhd sub00/vhpl46 1725305134
EN bancoreg NULL /home/nicolasrmendoncat/nicolasrmendoncat/ISLD/Processador/BancoReg.vhd sub00/vhpl37 1725305125
EN or_32 NULL /home/nicolasrmendoncat/nicolasrmendoncat/ISLD/Processador/OR_32.vhd sub00/vhpl12 1725305100
EN mux4_vector NULL /home/nicolasrmendoncat/nicolasrmendoncat/ISLD/Processador/mux4_vector.vhd sub00/vhpl06 1725305094
EN meminstrucoes NULL /home/nicolasrmendoncat/nicolasrmendoncat/ISLD/Processador/memInstrucoes.vhd sub00/vhpl33 1725305121
AR registradores behavioral /home/nicolasrmendoncat/nicolasrmendoncat/ISLD/Processador/Registradores.vhd sub00/vhpl26 1725305114
EN memdados NULL /home/nicolasrmendoncat/nicolasrmendoncat/ISLD/Processador/memDados.vhd sub00/vhpl47 1725305135
PH tipo NULL /home/nicolasrmendoncat/nicolasrmendoncat/ISLD/Processador/tipo.vhd sub00/vhpl14 1725305102
AR processador behavioral /home/nicolasrmendoncat/nicolasrmendoncat/ISLD/Processador/Processador.vhd sub00/vhpl52 1725305140
AR mux2 behavioral /home/nicolasrmendoncat/nicolasrmendoncat/ISLD/Processador/mux2.vhd sub00/vhpl22 1725305110
AR somadorpc behavioral /home/nicolasrmendoncat/nicolasrmendoncat/ISLD/Processador/somadorPC.vhd sub00/vhpl50 1725305138
AR mux4_vector behavioral /home/nicolasrmendoncat/nicolasrmendoncat/ISLD/Processador/mux4_vector.vhd sub00/vhpl07 1725305095
AR meminstrucoes behavioral /home/nicolasrmendoncat/nicolasrmendoncat/ISLD/Processador/memInstrucoes.vhd sub00/vhpl34 1725305122
EN or_2 NULL /home/nicolasrmendoncat/nicolasrmendoncat/ISLD/Processador/OR_2.vhd sub00/vhpl02 1725305090
AR ula32bits behavioral /home/nicolasrmendoncat/nicolasrmendoncat/ISLD/Processador/ULA32bits.vhd sub00/vhpl20 1725305108
AR or_32 behavioral /home/nicolasrmendoncat/nicolasrmendoncat/ISLD/Processador/OR_32.vhd sub00/vhpl13 1725305101
EN flipflopd_subida NULL /home/nicolasrmendoncat/nicolasrmendoncat/ISLD/Processador/flipflopD_subida.vhd sub00/vhpl29 1725305117
EN somador32bits NULL /home/nicolasrmendoncat/nicolasrmendoncat/ISLD/Processador/somador32bits.vhd sub00/vhpl17 1725305105
AR uc_ula behavioral /home/nicolasrmendoncat/nicolasrmendoncat/ISLD/Processador/UC_ULA.vhd sub00/vhpl44 1725305132
AR uc behavioral /home/nicolasrmendoncat/nicolasrmendoncat/ISLD/Processador/UC.vhd sub00/vhpl40 1725305128
EN uc NULL /home/nicolasrmendoncat/nicolasrmendoncat/ISLD/Processador/UC.vhd sub00/vhpl39 1725305127
EN mux2_vector NULL /home/nicolasrmendoncat/nicolasrmendoncat/ISLD/Processador/mux2_vector.vhd sub00/vhpl00 1725305088
EN ula_completa NULL /home/nicolasrmendoncat/nicolasrmendoncat/ISLD/Processador/Ula_completa.vhd sub00/vhpl45 1725305133
AR or_2 behavioral /home/nicolasrmendoncat/nicolasrmendoncat/ISLD/Processador/OR_2.vhd sub00/vhpl03 1725305091
EN mux_32_x_32 NULL /home/nicolasrmendoncat/nicolasrmendoncat/ISLD/Processador/mux_32_x_32.vhd sub00/vhpl27 1725305115
EN programcounter NULL /home/nicolasrmendoncat/nicolasrmendoncat/ISLD/Processador/ProgramCounter.vhd sub00/vhpl31 1725305119
AR mux2_vector behavioral /home/nicolasrmendoncat/nicolasrmendoncat/ISLD/Processador/mux2_vector.vhd sub00/vhpl01 1725305089
EN registrador NULL /home/nicolasrmendoncat/nicolasrmendoncat/ISLD/Processador/Registrador.vhd sub00/vhpl15 1725305103
EN mux2_5 NULL /home/nicolasrmendoncat/nicolasrmendoncat/ISLD/Processador/mux2_5.vhd sub00/vhpl35 1725305123
EN ula32bits NULL /home/nicolasrmendoncat/nicolasrmendoncat/ISLD/Processador/ULA32bits.vhd sub00/vhpl19 1725305107
EN ula1bit NULL /home/nicolasrmendoncat/nicolasrmendoncat/ISLD/Processador/ULA1bit.vhd sub00/vhpl10 1725305098
EN somador NULL /home/nicolasrmendoncat/nicolasrmendoncat/ISLD/Processador/somador.vhd sub00/vhpl04 1725305092
EN processador NULL /home/nicolasrmendoncat/nicolasrmendoncat/ISLD/Processador/Processador.vhd sub00/vhpl51 1725305139
AR memdados behavioral /home/nicolasrmendoncat/nicolasrmendoncat/ISLD/Processador/memDados.vhd sub00/vhpl48 1725305136
EN mux2_32 NULL /home/nicolasrmendoncat/nicolasrmendoncat/ISLD/Processador/mux2_32.vhd sub00/vhpl41 1725305129
AR somador behavioral /home/nicolasrmendoncat/nicolasrmendoncat/ISLD/Processador/somador.vhd sub00/vhpl05 1725305093
AR flipflopd_descida behavioral /home/nicolasrmendoncat/nicolasrmendoncat/ISLD/Processador/flipflopD_descida.vhd sub00/vhpl09 1725305097
EN somadorpc NULL /home/nicolasrmendoncat/nicolasrmendoncat/ISLD/Processador/somadorPC.vhd sub00/vhpl49 1725305137
EN registradores NULL /home/nicolasrmendoncat/nicolasrmendoncat/ISLD/Processador/Registradores.vhd sub00/vhpl25 1725305113
AR ula1bit behavioral /home/nicolasrmendoncat/nicolasrmendoncat/ISLD/Processador/ULA1bit.vhd sub00/vhpl11 1725305099
AR flipflopd_subida behavioral /home/nicolasrmendoncat/nicolasrmendoncat/ISLD/Processador/flipflopD_subida.vhd sub00/vhpl30 1725305118
AR mux2_5 behavioral /home/nicolasrmendoncat/nicolasrmendoncat/ISLD/Processador/mux2_5.vhd sub00/vhpl36 1725305124
AR somador32bits behavioral /home/nicolasrmendoncat/nicolasrmendoncat/ISLD/Processador/somador32bits.vhd sub00/vhpl18 1725305106
AR mux2_32 behavioral /home/nicolasrmendoncat/nicolasrmendoncat/ISLD/Processador/mux2_32.vhd sub00/vhpl42 1725305130
AR registrador behavioral /home/nicolasrmendoncat/nicolasrmendoncat/ISLD/Processador/Registrador.vhd sub00/vhpl16 1725305104
